Γû▓ Next.js 16.1.6 (Turbopack)
- Environments: .env

node.exe : ΓÜá The "middleware" 
file convention is deprecated. 
Please use "proxy" instead. Learn 
more: https://nextjs.org/docs/messa
ges/middleware-to-proxy
At C:\Program 
Files\nodejs\npx.ps1:29 char:3
+   & $NODE_EXE $NPX_CLI_JS $args
+   ~~~~~~~~~~~~~~~~~~~~~~~~~~~~~
    + CategoryInfo          : NotS 
   pecified: (ΓÜá The "middle...l  
  eware-to-proxy:String) [], Rem   
 oteException
    + FullyQualifiedErrorId : Nati 
   veCommandError
 
  Creating an optimized production build ...

> Build error occurred
Error: Turbopack build failed with 
1 errors:
./app/layout.tsx
Module not found: Can't resolve 
'next/font/google/target.css'
Unknown font

Debug info:
- Execution of <ModuleAssetContext 
as AssetContext>::resolve_asset 
failed
- Execution of resolve failed
- Execution of resolve_internal 
failed
- Execution of NextFontGoogleReplac
er::import_map_result failed
- Execution of 
*get_font_css_properties failed
- Execution of 
font_options_from_query_map failed
- Unknown font
Error while looking up import map: 
Unknown font

Debug info:
- Execution of NextFontGoogleReplac
er::import_map_result failed
- Execution of 
*get_font_css_properties failed
- Execution of 
font_options_from_query_map failed
- Unknown font


https://nextjs.org/docs/messages/mo
dule-not-found


    at <unknown> (https://nextjs.or
g/docs/messages/module-not-found)
